{
    "sarscov2 illumina contigs [fasta]": {
        "content": [
            [
                ".schema_config",
                "contigs-protein1.fasta",
                "contigs-protein10.fasta",
                "contigs-protein11.fasta",
                "contigs-protein13.fasta",
                "contigs-protein14.fasta",
                "contigs-protein16.fasta",
                "contigs-protein17.fasta",
                "contigs-protein18.fasta",
                "contigs-protein19.fasta",
                "contigs-protein2.fasta",
                "contigs-protein20.fasta",
                "contigs-protein4.fasta",
                "contigs-protein6.fasta",
                "contigs-protein7.fasta",
                "contigs-protein8.fasta",
                "contigs-protein9.fasta",
                "short"
            ],
            [
                "cds_coordinates.tsv:md5,7fef49207aa024b68f465e986f4c7444"
            ],
            [
                "invalid_cds.txt:md5,d0afbd9996054d8838e62dc3e852fa07"
            ],
            [
                "versions.yml:md5,cc97e7dbcf8455a4bf166f0bf326e769"
            ]
        ],
        "timestamp": "2024-01-26T12:13:29.558920352"
    },
    "sarscov2 illumina contigs [fasta] & genome [fasta_gz]": {
        "content": [
            [
                ".schema_config",
                "contigs-protein1.fasta",
                "contigs-protein10.fasta",
                "contigs-protein11.fasta",
                "contigs-protein13.fasta",
                "contigs-protein14.fasta",
                "contigs-protein16.fasta",
                "contigs-protein17.fasta",
                "contigs-protein18.fasta",
                "contigs-protein19.fasta",
                "contigs-protein2.fasta",
                "contigs-protein20.fasta",
                "contigs-protein4.fasta",
                "contigs-protein6.fasta",
                "contigs-protein7.fasta",
                "contigs-protein8.fasta",
                "contigs-protein9.fasta",
                "short"
            ],
            [
                "cds_coordinates.tsv:md5,7fef49207aa024b68f465e986f4c7444"
            ],
            [
                "invalid_cds.txt:md5,d0afbd9996054d8838e62dc3e852fa07"
            ],
            [
                "versions.yml:md5,cc97e7dbcf8455a4bf166f0bf326e769"
            ]
        ],
        "timestamp": "2024-01-26T12:14:01.738666237"
    },
    "sarscov2 illumina contigs [fasta] & genome [fasta_gz] - stub": {
        "content": [
            [
                ".schema_config",
                "contigs-protein{1..*}.fasta",
                "short"
            ],
            [
                "cds_coordinates.tsv:md5,d41d8cd98f00b204e9800998ecf8427e"
            ],
            [
                "invalid_cds.txt:md5,d41d8cd98f00b204e9800998ecf8427e"
            ],
            [
                "versions.yml:md5,cc97e7dbcf8455a4bf166f0bf326e769"
            ]
        ],
        "timestamp": "2024-01-26T12:14:12.757130114"
    },
    "sarscov2 illumina contigs & genome [fasta]": {
        "content": [
            [
                ".schema_config",
                "contigs-protein1.fasta",
                "contigs-protein10.fasta",
                "contigs-protein11.fasta",
                "contigs-protein13.fasta",
                "contigs-protein14.fasta",
                "contigs-protein16.fasta",
                "contigs-protein17.fasta",
                "contigs-protein18.fasta",
                "contigs-protein19.fasta",
                "contigs-protein2.fasta",
                "contigs-protein20.fasta",
                "contigs-protein4.fasta",
                "contigs-protein6.fasta",
                "contigs-protein7.fasta",
                "contigs-protein8.fasta",
                "contigs-protein9.fasta",
                "short"
            ],
            [
                "cds_coordinates.tsv:md5,7fef49207aa024b68f465e986f4c7444"
            ],
            [
                "invalid_cds.txt:md5,d0afbd9996054d8838e62dc3e852fa07"
            ],
            [
                "versions.yml:md5,cc97e7dbcf8455a4bf166f0bf326e769"
            ]
        ],
        "timestamp": "2024-01-26T12:13:45.580057569"
    }
}